// Jest Snapshot v1, https://goo.gl/fbAQLP

exports[`Browserless Chrome HTTP allows requests to /config 1`] = `
Array [
  "allowFileProtocol",
  "chromeRefreshTime",
  "connectionTimeout",
  "disabledFeatures",
  "enableAPIGet",
  "enableCors",
  "errorAlertURL",
  "exitOnHealthFailure",
  "functionBuiltIns",
  "functionEnvVars",
  "functionEnableIncognitoMode",
  "functionExternals",
  "healthFailureURL",
  "host",
  "keepAlive",
  "maxCPU",
  "maxConcurrentSessions",
  "maxMemory",
  "maxQueueLength",
  "metricsJSONPath",
  "port",
  "prebootChrome",
  "queuedAlertURL",
  "rejectAlertURL",
  "sessionCheckFailURL",
  "singleRun",
  "timeoutAlertURL",
  "token",
  "workspaceDir",
  "socketBehavior",
]
`;

exports[`Browserless Chrome HTTP allows requests to /json/new 1`] = `
Array [
  "description",
  "devtoolsFrontendUrl",
  "targetId",
  "title",
  "type",
  "url",
  "webSocketDebuggerUrl",
]
`;

exports[`Browserless Chrome HTTP allows requests to /json/version 1`] = `
Array [
  "Browser",
  "Protocol-Version",
  "User-Agent",
  "V8-Version",
  "WebKit-Version",
  "Debugger-Version",
  "Puppeteer-Version",
  "webSocketDebuggerUrl",
]
`;

exports[`Browserless Chrome HTTP allows requests to /metrics 1`] = `
Array [
  "0",
]
`;

exports[`Browserless Chrome HTTP allows requests to /pressure 1`] = `
Array [
  "date",
  "reason",
  "message",
  "isAvailable",
  "queued",
  "recentlyRejected",
  "running",
  "maxConcurrent",
  "maxQueued",
  "cpu",
  "memory",
]
`;

exports[`Browserless Chrome HTTP sets a cookie when a token is present 1`] = `undefined`;
